// Jest Snapshot v1, https://goo.gl/fbAQLP

exports[`when rendering the App should match the snapshot 1`] = `
<DocumentFragment>
  <a
    href="#/"
  >
    Home
  </a>
  <a
    href="#/projects"
  >
    Projects
  </a>
  <h1>
    Welcome!
  </h1>
</DocumentFragment>
`;
