// Jest Snapshot v1, https://goo.gl/fbAQLP

exports[`when rendering the App should match the snapshot 1`] = `
<DocumentFragment>
  <header
    class="app-header"
  >
    <div
      class="container "
    >
      <div
        class="app-title-area"
      >
        <h1
          class="app-title"
        >
          Hayden Phothong
        </h1>
      </div>
    </div>
  </header>
  <div
    class="jumbotron"
  >
    <div
      class="container jumbotron-container"
    >
      <h2
        class="jumbotron-title"
      >
        Personal Portfolio
      </h2>
    </div>
  </div>
  <div
    class="app-content"
  >
    <div
      class="app-content-section"
    >
      <div
        class="container "
      >
        <div
          class="section-header"
        >
          <svg
            aria-hidden="true"
            class="svg-inline--fa fa-book-open fa-w-18 section-header-icon-left"
            data-icon="book-open"
            data-prefix="fas"
            focusable="false"
            role="img"
            viewBox="0 0 576 512"
            xmlns="http://www.w3.org/2000/svg"
          >
            <path
              d="M542.22 32.05c-54.8 3.11-163.72 14.43-230.96 55.59-4.64 2.84-7.27 7.89-7.27 13.17v363.87c0 11.55 12.63 18.85 23.28 13.49 69.18-34.82 169.23-44.32 218.7-46.92 16.89-.89 30.02-14.43 30.02-30.66V62.75c.01-17.71-15.35-31.74-33.77-30.7zM264.73 87.64C197.5 46.48 88.58 35.17 33.78 32.05 15.36 31.01 0 45.04 0 62.75V400.6c0 16.24 13.13 29.78 30.02 30.66 49.49 2.6 149.59 12.11 218.77 46.95 10.62 5.35 23.21-1.94 23.21-13.46V100.63c0-5.29-2.62-10.14-7.27-12.99z"
              fill="currentColor"
            />
          </svg>
          <p
            class="section-header-title"
          >
            Welcome!
          </p>
        </div>
        <p>
          Thank you for taking the time to look at my personal portfolio. Below I have listed a few of my projects. These projects are the ones that taught me the most. I was able to dive deep into front-end frameworks, the JavaScript/TypeScript ecosystem, cloud solutions for data storage/retrieval, as well as the publishing process for the App Store and Play Store. If you would like to see my work history, check out my 
          <a
            href="[object Object]"
            rel="noreferrer"
            target="_blank"
          >
            résumé
          </a>
           or find me on 
          <a
            href="https://www.linkedin.com/in/hayden-phothong-a23933129"
            rel="noreferrer"
            target="_blank"
          >
            LinkedIn
          </a>
          !
        </p>
      </div>
    </div>
    <div
      class="app-content-section"
    >
      <div
        class="container "
      >
        <div
          class="section-header"
        >
          <svg
            aria-hidden="true"
            class="svg-inline--fa fa-project-diagram fa-w-20 section-header-icon-left"
            data-icon="project-diagram"
            data-prefix="fas"
            focusable="false"
            role="img"
            viewBox="0 0 640 512"
            xmlns="http://www.w3.org/2000/svg"
          >
            <path
              d="M384 320H256c-17.67 0-32 14.33-32 32v128c0 17.67 14.33 32 32 32h128c17.67 0 32-14.33 32-32V352c0-17.67-14.33-32-32-32zM192 32c0-17.67-14.33-32-32-32H32C14.33 0 0 14.33 0 32v128c0 17.67 14.33 32 32 32h95.72l73.16 128.04C211.98 300.98 232.4 288 256 288h.28L192 175.51V128h224V64H192V32zM608 0H480c-17.67 0-32 14.33-32 32v128c0 17.67 14.33 32 32 32h128c17.67 0 32-14.33 32-32V32c0-17.67-14.33-32-32-32z"
              fill="currentColor"
            />
          </svg>
          <p
            class="section-header-title"
          >
            Projects
          </p>
        </div>
        <div
          class="projects"
        >
          <div
            class="card project-card"
          >
            <div
              class="card-view "
            >
              <div
                class="card-front"
              >
                <div
                  class="card-details"
                >
                  <div
                    class="card-header"
                  >
                    <p
                      class="card-header-title"
                    >
                      Imageography
                    </p>
                    <svg
                      aria-hidden="true"
                      class="svg-inline--fa fa-qrcode fa-w-14 card-button"
                      data-icon="qrcode"
                      data-prefix="fas"
                      focusable="false"
                      role="img"
                      viewBox="0 0 448 512"
                      xmlns="http://www.w3.org/2000/svg"
                    >
                      <path
                        d="M0 224h192V32H0v192zM64 96h64v64H64V96zm192-64v192h192V32H256zm128 128h-64V96h64v64zM0 480h192V288H0v192zm64-128h64v64H64v-64zm352-64h32v128h-96v-32h-32v96h-64V288h96v32h64v-32zm0 160h32v32h-32v-32zm-64 0h32v32h-32v-32z"
                        fill="currentColor"
                      />
                    </svg>
                  </div>
                  <div
                    class="card-content"
                  >
                    <div>
                      <p>
                        A mobile application built on the React-Native framework.
                      </p>
                      <strong>
                        Tech Stack:
                      </strong>
                      <p>
                        React-Native, Redux, TypeScript, Firebase (e.g., Auth, Firestore)
                      </p>
                      <p>
                        You can find the app on the 
                        <a
                          href="https://apps.apple.com/us/app/imageography/id1516408403"
                          rel="noreferrer"
                          target="_blank"
                        >
                          App Store
                        </a>
                         and the 
                        <a
                          href="https://play.google.com/store/apps/details?id=com.hphothong.imageography"
                          rel="noreferrer"
                          target="_blank"
                        >
                          Play Store
                        </a>
                        .
                      </p>
                    </div>
                  </div>
                  <div
                    class="card-footer"
                  >
                    <div
                      class="platform-labels"
                    >
                      <svg
                        aria-hidden="true"
                        class="svg-inline--fa fa-apple fa-w-12 platform-label ios"
                        data-icon="apple"
                        data-prefix="fab"
                        focusable="false"
                        role="img"
                        viewBox="0 0 384 512"
                        xmlns="http://www.w3.org/2000/svg"
                      >
                        <path
                          d="M318.7 268.7c-.2-36.7 16.4-64.4 50-84.8-18.8-26.9-47.2-41.7-84.7-44.6-35.5-2.8-74.3 20.7-88.5 20.7-15 0-49.4-19.7-76.4-19.7C63.3 141.2 4 184.8 4 273.5q0 39.3 14.4 81.2c12.8 36.7 59 126.7 107.2 125.2 25.2-.6 43-17.9 75.8-17.9 31.8 0 48.3 17.9 76.4 17.9 48.6-.7 90.4-82.5 102.6-119.3-65.2-30.7-61.7-90-61.7-91.9zm-56.6-164.2c27.3-32.4 24.8-61.9 24-72.5-24.1 1.4-52 16.4-67.9 34.9-17.5 19.8-27.8 44.3-25.6 71.9 26.1 2 49.9-11.4 69.5-34.3z"
                          fill="currentColor"
                        />
                      </svg>
                      <svg
                        aria-hidden="true"
                        class="svg-inline--fa fa-android fa-w-18 platform-label android"
                        data-icon="android"
                        data-prefix="fab"
                        focusable="false"
                        role="img"
                        viewBox="0 0 576 512"
                        xmlns="http://www.w3.org/2000/svg"
                      >
                        <path
                          d="M420.55,301.93a24,24,0,1,1,24-24,24,24,0,0,1-24,24m-265.1,0a24,24,0,1,1,24-24,24,24,0,0,1-24,24m273.7-144.48,47.94-83a10,10,0,1,0-17.27-10h0l-48.54,84.07a301.25,301.25,0,0,0-246.56,0L116.18,64.45a10,10,0,1,0-17.27,10h0l47.94,83C64.53,202.22,8.24,285.55,0,384H576c-8.24-98.45-64.54-181.78-146.85-226.55"
                          fill="currentColor"
                        />
                      </svg>
                    </div>
                  </div>
                </div>
              </div>
              <div
                class="card-back"
              >
                <div
                  class="card-details"
                >
                  <div
                    class="card-header"
                  >
                    <svg
                      aria-hidden="true"
                      class="svg-inline--fa fa-arrow-left fa-w-14 card-button"
                      data-icon="arrow-left"
                      data-prefix="fas"
                      focusable="false"
                      role="img"
                      viewBox="0 0 448 512"
                      xmlns="http://www.w3.org/2000/svg"
                    >
                      <path
                        d="M257.5 445.1l-22.2 22.2c-9.4 9.4-24.6 9.4-33.9 0L7 273c-9.4-9.4-9.4-24.6 0-33.9L201.4 44.7c9.4-9.4 24.6-9.4 33.9 0l22.2 22.2c9.5 9.5 9.3 25-.4 34.3L136.6 216H424c13.3 0 24 10.7 24 24v32c0 13.3-10.7 24-24 24H136.6l120.5 114.8c9.8 9.3 10 24.8.4 34.3z"
                        fill="currentColor"
                      />
                    </svg>
                    <p>
                      Imageography
                    </p>
                    <div
                      class="platform-toggle-button"
                    >
                      <button
                        class="toggle-button ios active"
                        type="button"
                      >
                        <svg
                          aria-hidden="true"
                          class="svg-inline--fa fa-apple fa-w-12 "
                          data-icon="apple"
                          data-prefix="fab"
                          focusable="false"
                          role="img"
                          viewBox="0 0 384 512"
                          xmlns="http://www.w3.org/2000/svg"
                        >
                          <path
                            d="M318.7 268.7c-.2-36.7 16.4-64.4 50-84.8-18.8-26.9-47.2-41.7-84.7-44.6-35.5-2.8-74.3 20.7-88.5 20.7-15 0-49.4-19.7-76.4-19.7C63.3 141.2 4 184.8 4 273.5q0 39.3 14.4 81.2c12.8 36.7 59 126.7 107.2 125.2 25.2-.6 43-17.9 75.8-17.9 31.8 0 48.3 17.9 76.4 17.9 48.6-.7 90.4-82.5 102.6-119.3-65.2-30.7-61.7-90-61.7-91.9zm-56.6-164.2c27.3-32.4 24.8-61.9 24-72.5-24.1 1.4-52 16.4-67.9 34.9-17.5 19.8-27.8 44.3-25.6 71.9 26.1 2 49.9-11.4 69.5-34.3z"
                            fill="currentColor"
                          />
                        </svg>
                      </button>
                      <button
                        class="toggle-button android "
                        type="button"
                      >
                        <svg
                          aria-hidden="true"
                          class="svg-inline--fa fa-android fa-w-18 "
                          data-icon="android"
                          data-prefix="fab"
                          focusable="false"
                          role="img"
                          viewBox="0 0 576 512"
                          xmlns="http://www.w3.org/2000/svg"
                        >
                          <path
                            d="M420.55,301.93a24,24,0,1,1,24-24,24,24,0,0,1-24,24m-265.1,0a24,24,0,1,1,24-24,24,24,0,0,1-24,24m273.7-144.48,47.94-83a10,10,0,1,0-17.27-10h0l-48.54,84.07a301.25,301.25,0,0,0-246.56,0L116.18,64.45a10,10,0,1,0-17.27,10h0l47.94,83C64.53,202.22,8.24,285.55,0,384H576c-8.24-98.45-64.54-181.78-146.85-226.55"
                            fill="currentColor"
                          />
                        </svg>
                      </button>
                    </div>
                  </div>
                  <div
                    class="card-content"
                  >
                    <img
                      alt="QR Code"
                      src="[object Object]"
                    />
                  </div>
                </div>
              </div>
            </div>
          </div>
          <div
            class="card project-card"
          >
            <div
              class="card-view "
            >
              <div
                class="card-front"
              >
                <div
                  class="card-details"
                >
                  <div
                    class="card-header"
                  >
                    <p
                      class="card-header-title"
                    >
                      React-Native Web Cache
                    </p>
                    <svg
                      aria-hidden="true"
                      class="svg-inline--fa fa-github fa-w-16 card-button"
                      data-icon="github"
                      data-prefix="fab"
                      focusable="false"
                      role="img"
                      viewBox="0 0 496 512"
                      xmlns="http://www.w3.org/2000/svg"
                    >
                      <path
                        d="M165.9 397.4c0 2-2.3 3.6-5.2 3.6-3.3.3-5.6-1.3-5.6-3.6 0-2 2.3-3.6 5.2-3.6 3-.3 5.6 1.3 5.6 3.6zm-31.1-4.5c-.7 2 1.3 4.3 4.3 4.9 2.6 1 5.6 0 6.2-2s-1.3-4.3-4.3-5.2c-2.6-.7-5.5.3-6.2 2.3zm44.2-1.7c-2.9.7-4.9 2.6-4.6 4.9.3 2 2.9 3.3 5.9 2.6 2.9-.7 4.9-2.6 4.6-4.6-.3-1.9-3-3.2-5.9-2.9zM244.8 8C106.1 8 0 113.3 0 252c0 110.9 69.8 205.8 169.5 239.2 12.8 2.3 17.3-5.6 17.3-12.1 0-6.2-.3-40.4-.3-61.4 0 0-70 15-84.7-29.8 0 0-11.4-29.1-27.8-36.6 0 0-22.9-15.7 1.6-15.4 0 0 24.9 2 38.6 25.8 21.9 38.6 58.6 27.5 72.9 20.9 2.3-16 8.8-27.1 16-33.7-55.9-6.2-112.3-14.3-112.3-110.5 0-27.5 7.6-41.3 23.6-58.9-2.6-6.5-11.1-33.3 2.6-67.9 20.9-6.5 69 27 69 27 20-5.6 41.5-8.5 62.8-8.5s42.8 2.9 62.8 8.5c0 0 48.1-33.6 69-27 13.7 34.7 5.2 61.4 2.6 67.9 16 17.7 25.8 31.5 25.8 58.9 0 96.5-58.9 104.2-114.8 110.5 9.2 7.9 17 22.9 17 46.4 0 33.7-.3 75.4-.3 83.6 0 6.5 4.6 14.4 17.3 12.1C428.2 457.8 496 362.9 496 252 496 113.3 383.5 8 244.8 8zM97.2 352.9c-1.3 1-1 3.3.7 5.2 1.6 1.6 3.9 2.3 5.2 1 1.3-1 1-3.3-.7-5.2-1.6-1.6-3.9-2.3-5.2-1zm-10.8-8.1c-.7 1.3.3 2.9 2.3 3.9 1.6 1 3.6.7 4.3-.7.7-1.3-.3-2.9-2.3-3.9-2-.6-3.6-.3-4.3.7zm32.4 35.6c-1.6 1.3-1 4.3 1.3 6.2 2.3 2.3 5.2 2.6 6.5 1 1.3-1.3.7-4.3-1.3-6.2-2.2-2.3-5.2-2.6-6.5-1zm-11.4-14.7c-1.6 1-1.6 3.6 0 5.9 1.6 2.3 4.3 3.3 5.6 2.3 1.6-1.3 1.6-3.9 0-6.2-1.4-2.3-4-3.3-5.6-2z"
                        fill="currentColor"
                      />
                    </svg>
                  </div>
                  <div
                    class="card-content"
                  >
                    <div>
                      <p>
                        An LRU cache. This is the first NPM/Yarn package that I published to the registries.
                      </p>
                      <strong>
                        Tech Stack:
                      </strong>
                      <p>
                        NodeJS, NPM/Yarn, TypeScript
                      </p>
                      <p>
                        You can find this package on 
                        <a
                          href="https://www.npmjs.com/package/react-native-web-cache"
                          rel="noreferrer"
                          target="_blank"
                        >
                          NPM
                        </a>
                         and 
                        <a
                          href="https://yarnpkg.com/package/react-native-web-cache"
                          rel="noreferrer"
                          target="_blank"
                        >
                          Yarn
                        </a>
                        .
                      </p>
                    </div>
                  </div>
                  <div
                    class="card-footer"
                  >
                    <div
                      class="platform-labels"
                    >
                      <svg
                        aria-hidden="true"
                        class="svg-inline--fa fa-node-js fa-w-14 platform-label custom"
                        data-icon="node-js"
                        data-prefix="fab"
                        focusable="false"
                        role="img"
                        viewBox="0 0 448 512"
                        xmlns="http://www.w3.org/2000/svg"
                      >
                        <path
                          d="M224 508c-6.7 0-13.5-1.8-19.4-5.2l-61.7-36.5c-9.2-5.2-4.7-7-1.7-8 12.3-4.3 14.8-5.2 27.9-12.7 1.4-.8 3.2-.5 4.6.4l47.4 28.1c1.7 1 4.1 1 5.7 0l184.7-106.6c1.7-1 2.8-3 2.8-5V149.3c0-2.1-1.1-4-2.9-5.1L226.8 37.7c-1.7-1-4-1-5.7 0L36.6 144.3c-1.8 1-2.9 3-2.9 5.1v213.1c0 2 1.1 4 2.9 4.9l50.6 29.2c27.5 13.7 44.3-2.4 44.3-18.7V167.5c0-3 2.4-5.3 5.4-5.3h23.4c2.9 0 5.4 2.3 5.4 5.3V378c0 36.6-20 57.6-54.7 57.6-10.7 0-19.1 0-42.5-11.6l-48.4-27.9C8.1 389.2.7 376.3.7 362.4V149.3c0-13.8 7.4-26.8 19.4-33.7L204.6 9c11.7-6.6 27.2-6.6 38.8 0l184.7 106.7c12 6.9 19.4 19.8 19.4 33.7v213.1c0 13.8-7.4 26.7-19.4 33.7L243.4 502.8c-5.9 3.4-12.6 5.2-19.4 5.2zm149.1-210.1c0-39.9-27-50.5-83.7-58-57.4-7.6-63.2-11.5-63.2-24.9 0-11.1 4.9-25.9 47.4-25.9 37.9 0 51.9 8.2 57.7 33.8.5 2.4 2.7 4.2 5.2 4.2h24c1.5 0 2.9-.6 3.9-1.7s1.5-2.6 1.4-4.1c-3.7-44.1-33-64.6-92.2-64.6-52.7 0-84.1 22.2-84.1 59.5 0 40.4 31.3 51.6 81.8 56.6 60.5 5.9 65.2 14.8 65.2 26.7 0 20.6-16.6 29.4-55.5 29.4-48.9 0-59.6-12.3-63.2-36.6-.4-2.6-2.6-4.5-5.3-4.5h-23.9c-3 0-5.3 2.4-5.3 5.3 0 31.1 16.9 68.2 97.8 68.2 58.4-.1 92-23.2 92-63.4z"
                          fill="currentColor"
                        />
                      </svg>
                      <svg
                        aria-hidden="true"
                        class="svg-inline--fa fa-npm fa-w-18 platform-label custom"
                        data-icon="npm"
                        data-prefix="fab"
                        focusable="false"
                        role="img"
                        viewBox="0 0 576 512"
                        xmlns="http://www.w3.org/2000/svg"
                      >
                        <path
                          d="M288 288h-32v-64h32v64zm288-128v192H288v32H160v-32H0V160h576zm-416 32H32v128h64v-96h32v96h32V192zm160 0H192v160h64v-32h64V192zm224 0H352v128h64v-96h32v96h32v-96h32v96h32V192z"
                          fill="currentColor"
                        />
                      </svg>
                      <svg
                        aria-hidden="true"
                        class="svg-inline--fa fa-yarn fa-w-16 platform-label custom"
                        data-icon="yarn"
                        data-prefix="fab"
                        focusable="false"
                        role="img"
                        viewBox="0 0 496 512"
                        xmlns="http://www.w3.org/2000/svg"
                      >
                        <path
                          d="M393.9 345.2c-39 9.3-48.4 32.1-104 47.4 0 0-2.7 4-10.4 5.8-13.4 3.3-63.9 6-68.5 6.1-12.4.1-19.9-3.2-22-8.2-6.4-15.3 9.2-22 9.2-22-8.1-5-9-9.9-9.8-8.1-2.4 5.8-3.6 20.1-10.1 26.5-8.8 8.9-25.5 5.9-35.3.8-10.8-5.7.8-19.2.8-19.2s-5.8 3.4-10.5-3.6c-6-9.3-17.1-37.3 11.5-62-1.3-10.1-4.6-53.7 40.6-85.6 0 0-20.6-22.8-12.9-43.3 5-13.4 7-13.3 8.6-13.9 5.7-2.2 11.3-4.6 15.4-9.1 20.6-22.2 46.8-18 46.8-18s12.4-37.8 23.9-30.4c3.5 2.3 16.3 30.6 16.3 30.6s13.6-7.9 15.1-5c8.2 16 9.2 46.5 5.6 65.1-6.1 30.6-21.4 47.1-27.6 57.5-1.4 2.4 16.5 10 27.8 41.3 10.4 28.6 1.1 52.7 2.8 55.3.8 1.4 13.7.8 36.4-13.2 12.8-7.9 28.1-16.9 45.4-17 16.7-.5 17.6 19.2 4.9 22.2zM496 256c0 136.9-111.1 248-248 248S0 392.9 0 256 111.1 8 248 8s248 111.1 248 248zm-79.3 75.2c-1.7-13.6-13.2-23-28-22.8-22 .3-40.5 11.7-52.8 19.2-4.8 3-8.9 5.2-12.4 6.8 3.1-44.5-22.5-73.1-28.7-79.4 7.8-11.3 18.4-27.8 23.4-53.2 4.3-21.7 3-55.5-6.9-74.5-1.6-3.1-7.4-11.2-21-7.4-9.7-20-13-22.1-15.6-23.8-1.1-.7-23.6-16.4-41.4 28-12.2.9-31.3 5.3-47.5 22.8-2 2.2-5.9 3.8-10.1 5.4h.1c-8.4 3-12.3 9.9-16.9 22.3-6.5 17.4.2 34.6 6.8 45.7-17.8 15.9-37 39.8-35.7 82.5-34 36-11.8 73-5.6 79.6-1.6 11.1 3.7 19.4 12 23.8 12.6 6.7 30.3 9.6 43.9 2.8 4.9 5.2 13.8 10.1 30 10.1 6.8 0 58-2.9 72.6-6.5 6.8-1.6 11.5-4.5 14.6-7.1 9.8-3.1 36.8-12.3 62.2-28.7 18-11.7 24.2-14.2 37.6-17.4 12.9-3.2 21-15.1 19.4-28.2z"
                          fill="currentColor"
                        />
                      </svg>
                    </div>
                  </div>
                </div>
              </div>
              <div
                class="card-back"
              >
                <div
                  class="card-details"
                >
                  <div
                    class="card-header"
                  >
                    <svg
                      aria-hidden="true"
                      class="svg-inline--fa fa-arrow-left fa-w-14 card-button"
                      data-icon="arrow-left"
                      data-prefix="fas"
                      focusable="false"
                      role="img"
                      viewBox="0 0 448 512"
                      xmlns="http://www.w3.org/2000/svg"
                    >
                      <path
                        d="M257.5 445.1l-22.2 22.2c-9.4 9.4-24.6 9.4-33.9 0L7 273c-9.4-9.4-9.4-24.6 0-33.9L201.4 44.7c9.4-9.4 24.6-9.4 33.9 0l22.2 22.2c9.5 9.5 9.3 25-.4 34.3L136.6 216H424c13.3 0 24 10.7 24 24v32c0 13.3-10.7 24-24 24H136.6l120.5 114.8c9.8 9.3 10 24.8.4 34.3z"
                        fill="currentColor"
                      />
                    </svg>
                  </div>
                  <div
                    class="card-content"
                  />
                </div>
              </div>
            </div>
          </div>
          <div
            class="card project-card"
          >
            <div
              class="card-view "
            >
              <div
                class="card-front"
              >
                <div
                  class="card-details"
                >
                  <div
                    class="card-header"
                  >
                    <p
                      class="card-header-title"
                    >
                      Personal Portfolio
                    </p>
                    <svg
                      aria-hidden="true"
                      class="svg-inline--fa fa-github fa-w-16 card-button"
                      data-icon="github"
                      data-prefix="fab"
                      focusable="false"
                      role="img"
                      viewBox="0 0 496 512"
                      xmlns="http://www.w3.org/2000/svg"
                    >
                      <path
                        d="M165.9 397.4c0 2-2.3 3.6-5.2 3.6-3.3.3-5.6-1.3-5.6-3.6 0-2 2.3-3.6 5.2-3.6 3-.3 5.6 1.3 5.6 3.6zm-31.1-4.5c-.7 2 1.3 4.3 4.3 4.9 2.6 1 5.6 0 6.2-2s-1.3-4.3-4.3-5.2c-2.6-.7-5.5.3-6.2 2.3zm44.2-1.7c-2.9.7-4.9 2.6-4.6 4.9.3 2 2.9 3.3 5.9 2.6 2.9-.7 4.9-2.6 4.6-4.6-.3-1.9-3-3.2-5.9-2.9zM244.8 8C106.1 8 0 113.3 0 252c0 110.9 69.8 205.8 169.5 239.2 12.8 2.3 17.3-5.6 17.3-12.1 0-6.2-.3-40.4-.3-61.4 0 0-70 15-84.7-29.8 0 0-11.4-29.1-27.8-36.6 0 0-22.9-15.7 1.6-15.4 0 0 24.9 2 38.6 25.8 21.9 38.6 58.6 27.5 72.9 20.9 2.3-16 8.8-27.1 16-33.7-55.9-6.2-112.3-14.3-112.3-110.5 0-27.5 7.6-41.3 23.6-58.9-2.6-6.5-11.1-33.3 2.6-67.9 20.9-6.5 69 27 69 27 20-5.6 41.5-8.5 62.8-8.5s42.8 2.9 62.8 8.5c0 0 48.1-33.6 69-27 13.7 34.7 5.2 61.4 2.6 67.9 16 17.7 25.8 31.5 25.8 58.9 0 96.5-58.9 104.2-114.8 110.5 9.2 7.9 17 22.9 17 46.4 0 33.7-.3 75.4-.3 83.6 0 6.5 4.6 14.4 17.3 12.1C428.2 457.8 496 362.9 496 252 496 113.3 383.5 8 244.8 8zM97.2 352.9c-1.3 1-1 3.3.7 5.2 1.6 1.6 3.9 2.3 5.2 1 1.3-1 1-3.3-.7-5.2-1.6-1.6-3.9-2.3-5.2-1zm-10.8-8.1c-.7 1.3.3 2.9 2.3 3.9 1.6 1 3.6.7 4.3-.7.7-1.3-.3-2.9-2.3-3.9-2-.6-3.6-.3-4.3.7zm32.4 35.6c-1.6 1.3-1 4.3 1.3 6.2 2.3 2.3 5.2 2.6 6.5 1 1.3-1.3.7-4.3-1.3-6.2-2.2-2.3-5.2-2.6-6.5-1zm-11.4-14.7c-1.6 1-1.6 3.6 0 5.9 1.6 2.3 4.3 3.3 5.6 2.3 1.6-1.3 1.6-3.9 0-6.2-1.4-2.3-4-3.3-5.6-2z"
                        fill="currentColor"
                      />
                    </svg>
                  </div>
                  <div
                    class="card-content"
                  >
                    <div>
                      <p>
                        This website! A living document for my projects and completed coding challenges.
                      </p>
                      <strong>
                        Tech Stack:
                      </strong>
                      <p>
                        React, Redux, TypeScript, Webpack, Babel, Sass
                      </p>
                    </div>
                  </div>
                  <div
                    class="card-footer"
                  >
                    <div
                      class="platform-labels"
                    >
                      <svg
                        aria-hidden="true"
                        class="svg-inline--fa fa-react fa-w-16 platform-label custom"
                        data-icon="react"
                        data-prefix="fab"
                        focusable="false"
                        role="img"
                        viewBox="0 0 512 512"
                        xmlns="http://www.w3.org/2000/svg"
                      >
                        <path
                          d="M418.2 177.2c-5.4-1.8-10.8-3.5-16.2-5.1.9-3.7 1.7-7.4 2.5-11.1 12.3-59.6 4.2-107.5-23.1-123.3-26.3-15.1-69.2.6-112.6 38.4-4.3 3.7-8.5 7.6-12.5 11.5-2.7-2.6-5.5-5.2-8.3-7.7-45.5-40.4-91.1-57.4-118.4-41.5-26.2 15.2-34 60.3-23 116.7 1.1 5.6 2.3 11.1 3.7 16.7-6.4 1.8-12.7 3.8-18.6 5.9C38.3 196.2 0 225.4 0 255.6c0 31.2 40.8 62.5 96.3 81.5 4.5 1.5 9 3 13.6 4.3-1.5 6-2.8 11.9-4 18-10.5 55.5-2.3 99.5 23.9 114.6 27 15.6 72.4-.4 116.6-39.1 3.5-3.1 7-6.3 10.5-9.7 4.4 4.3 9 8.4 13.6 12.4 42.8 36.8 85.1 51.7 111.2 36.6 27-15.6 35.8-62.9 24.4-120.5-.9-4.4-1.9-8.9-3-13.5 3.2-.9 6.3-1.9 9.4-2.9 57.7-19.1 99.5-50 99.5-81.7 0-30.3-39.4-59.7-93.8-78.4zM282.9 92.3c37.2-32.4 71.9-45.1 87.7-36 16.9 9.7 23.4 48.9 12.8 100.4-.7 3.4-1.4 6.7-2.3 10-22.2-5-44.7-8.6-67.3-10.6-13-18.6-27.2-36.4-42.6-53.1 3.9-3.7 7.7-7.2 11.7-10.7zM167.2 307.5c5.1 8.7 10.3 17.4 15.8 25.9-15.6-1.7-31.1-4.2-46.4-7.5 4.4-14.4 9.9-29.3 16.3-44.5 4.6 8.8 9.3 17.5 14.3 26.1zm-30.3-120.3c14.4-3.2 29.7-5.8 45.6-7.8-5.3 8.3-10.5 16.8-15.4 25.4-4.9 8.5-9.7 17.2-14.2 26-6.3-14.9-11.6-29.5-16-43.6zm27.4 68.9c6.6-13.8 13.8-27.3 21.4-40.6s15.8-26.2 24.4-38.9c15-1.1 30.3-1.7 45.9-1.7s31 .6 45.9 1.7c8.5 12.6 16.6 25.5 24.3 38.7s14.9 26.7 21.7 40.4c-6.7 13.8-13.9 27.4-21.6 40.8-7.6 13.3-15.7 26.2-24.2 39-14.9 1.1-30.4 1.6-46.1 1.6s-30.9-.5-45.6-1.4c-8.7-12.7-16.9-25.7-24.6-39s-14.8-26.8-21.5-40.6zm180.6 51.2c5.1-8.8 9.9-17.7 14.6-26.7 6.4 14.5 12 29.2 16.9 44.3-15.5 3.5-31.2 6.2-47 8 5.4-8.4 10.5-17 15.5-25.6zm14.4-76.5c-4.7-8.8-9.5-17.6-14.5-26.2-4.9-8.5-10-16.9-15.3-25.2 16.1 2 31.5 4.7 45.9 8-4.6 14.8-10 29.2-16.1 43.4zM256.2 118.3c10.5 11.4 20.4 23.4 29.6 35.8-19.8-.9-39.7-.9-59.5 0 9.8-12.9 19.9-24.9 29.9-35.8zM140.2 57c16.8-9.8 54.1 4.2 93.4 39 2.5 2.2 5 4.6 7.6 7-15.5 16.7-29.8 34.5-42.9 53.1-22.6 2-45 5.5-67.2 10.4-1.3-5.1-2.4-10.3-3.5-15.5-9.4-48.4-3.2-84.9 12.6-94zm-24.5 263.6c-4.2-1.2-8.3-2.5-12.4-3.9-21.3-6.7-45.5-17.3-63-31.2-10.1-7-16.9-17.8-18.8-29.9 0-18.3 31.6-41.7 77.2-57.6 5.7-2 11.5-3.8 17.3-5.5 6.8 21.7 15 43 24.5 63.6-9.6 20.9-17.9 42.5-24.8 64.5zm116.6 98c-16.5 15.1-35.6 27.1-56.4 35.3-11.1 5.3-23.9 5.8-35.3 1.3-15.9-9.2-22.5-44.5-13.5-92 1.1-5.6 2.3-11.2 3.7-16.7 22.4 4.8 45 8.1 67.9 9.8 13.2 18.7 27.7 36.6 43.2 53.4-3.2 3.1-6.4 6.1-9.6 8.9zm24.5-24.3c-10.2-11-20.4-23.2-30.3-36.3 9.6.4 19.5.6 29.5.6 10.3 0 20.4-.2 30.4-.7-9.2 12.7-19.1 24.8-29.6 36.4zm130.7 30c-.9 12.2-6.9 23.6-16.5 31.3-15.9 9.2-49.8-2.8-86.4-34.2-4.2-3.6-8.4-7.5-12.7-11.5 15.3-16.9 29.4-34.8 42.2-53.6 22.9-1.9 45.7-5.4 68.2-10.5 1 4.1 1.9 8.2 2.7 12.2 4.9 21.6 5.7 44.1 2.5 66.3zm18.2-107.5c-2.8.9-5.6 1.8-8.5 2.6-7-21.8-15.6-43.1-25.5-63.8 9.6-20.4 17.7-41.4 24.5-62.9 5.2 1.5 10.2 3.1 15 4.7 46.6 16 79.3 39.8 79.3 58 0 19.6-34.9 44.9-84.8 61.4zm-149.7-15c25.3 0 45.8-20.5 45.8-45.8s-20.5-45.8-45.8-45.8c-25.3 0-45.8 20.5-45.8 45.8s20.5 45.8 45.8 45.8z"
                          fill="currentColor"
                        />
                      </svg>
                    </div>
                  </div>
                </div>
              </div>
              <div
                class="card-back"
              >
                <div
                  class="card-details"
                >
                  <div
                    class="card-header"
                  >
                    <svg
                      aria-hidden="true"
                      class="svg-inline--fa fa-arrow-left fa-w-14 card-button"
                      data-icon="arrow-left"
                      data-prefix="fas"
                      focusable="false"
                      role="img"
                      viewBox="0 0 448 512"
                      xmlns="http://www.w3.org/2000/svg"
                    >
                      <path
                        d="M257.5 445.1l-22.2 22.2c-9.4 9.4-24.6 9.4-33.9 0L7 273c-9.4-9.4-9.4-24.6 0-33.9L201.4 44.7c9.4-9.4 24.6-9.4 33.9 0l22.2 22.2c9.5 9.5 9.3 25-.4 34.3L136.6 216H424c13.3 0 24 10.7 24 24v32c0 13.3-10.7 24-24 24H136.6l120.5 114.8c9.8 9.3 10 24.8.4 34.3z"
                        fill="currentColor"
                      />
                    </svg>
                  </div>
                  <div
                    class="card-content"
                  />
                </div>
              </div>
            </div>
          </div>
        </div>
      </div>
    </div>
    <div
      class="app-content-section"
    >
      <div
        class="container "
      >
        <div
          class="section-header"
        >
          <svg
            aria-hidden="true"
            class="svg-inline--fa fa-code fa-w-20 section-header-icon-left"
            data-icon="code"
            data-prefix="fas"
            focusable="false"
            role="img"
            viewBox="0 0 640 512"
            xmlns="http://www.w3.org/2000/svg"
          >
            <path
              d="M278.9 511.5l-61-17.7c-6.4-1.8-10-8.5-8.2-14.9L346.2 8.7c1.8-6.4 8.5-10 14.9-8.2l61 17.7c6.4 1.8 10 8.5 8.2 14.9L293.8 503.3c-1.9 6.4-8.5 10.1-14.9 8.2zm-114-112.2l43.5-46.4c4.6-4.9 4.3-12.7-.8-17.2L117 256l90.6-79.7c5.1-4.5 5.5-12.3.8-17.2l-43.5-46.4c-4.5-4.8-12.1-5.1-17-.5L3.8 247.2c-5.1 4.7-5.1 12.8 0 17.5l144.1 135.1c4.9 4.6 12.5 4.4 17-.5zm327.2.6l144.1-135.1c5.1-4.7 5.1-12.8 0-17.5L492.1 112.1c-4.8-4.5-12.4-4.3-17 .5L431.6 159c-4.6 4.9-4.3 12.7.8 17.2L523 256l-90.6 79.7c-5.1 4.5-5.5 12.3-.8 17.2l43.5 46.4c4.5 4.9 12.1 5.1 17 .6z"
              fill="currentColor"
            />
          </svg>
          <p
            class="section-header-title"
          >
            Coding Challenges!
          </p>
        </div>
      </div>
    </div>
  </div>
  <footer
    class="app-footer"
  >
    <div
      class="container "
    >
      <div
        class="app-footer-content"
      >
        <div
          class="app-footer-content-sections"
        >
          <div
            class="about-me"
          >
            <p
              class="about-me-bio"
            >
              Hello! 👋 I am a full-stack web engineer by trade. However, I am still fairly new to the industry, so I am trying to find my niche!
            </p>
          </div>
          <div
            class="my-links"
          >
            <div
              class="my-link"
            >
              <a
                class="my-link-anchor"
                href="[object Object]"
                rel="noreferrer"
                target="_blank"
              >
                <div
                  class="icon-prefix "
                >
                  <svg
                    aria-hidden="true"
                    class="svg-inline--fa fa-file-pdf fa-w-12 icon-prefix-icon"
                    color="#f8f8f8"
                    data-icon="file-pdf"
                    data-prefix="far"
                    focusable="false"
                    role="img"
                    viewBox="0 0 384 512"
                    xmlns="http://www.w3.org/2000/svg"
                  >
                    <path
                      d="M369.9 97.9L286 14C277 5 264.8-.1 252.1-.1H48C21.5 0 0 21.5 0 48v416c0 26.5 21.5 48 48 48h288c26.5 0 48-21.5 48-48V131.9c0-12.7-5.1-25-14.1-34zM332.1 128H256V51.9l76.1 76.1zM48 464V48h160v104c0 13.3 10.7 24 24 24h104v288H48zm250.2-143.7c-12.2-12-47-8.7-64.4-6.5-17.2-10.5-28.7-25-36.8-46.3 3.9-16.1 10.1-40.6 5.4-56-4.2-26.2-37.8-23.6-42.6-5.9-4.4 16.1-.4 38.5 7 67.1-10 23.9-24.9 56-35.4 74.4-20 10.3-47 26.2-51 46.2-3.3 15.8 26 55.2 76.1-31.2 22.4-7.4 46.8-16.5 68.4-20.1 18.9 10.2 41 17 55.8 17 25.5 0 28-28.2 17.5-38.7zm-198.1 77.8c5.1-13.7 24.5-29.5 30.4-35-19 30.3-30.4 35.7-30.4 35zm81.6-190.6c7.4 0 6.7 32.1 1.8 40.8-4.4-13.9-4.3-40.8-1.8-40.8zm-24.4 136.6c9.7-16.9 18-37 24.7-54.7 8.3 15.1 18.9 27.2 30.1 35.5-20.8 4.3-38.9 13.1-54.8 19.2zm131.6-5s-5 6-37.3-7.8c35.1-2.6 40.9 5.4 37.3 7.8z"
                      fill="currentColor"
                    />
                  </svg>
                  <div
                    class="icon-prefix-content"
                  >
                    Résumé
                  </div>
                </div>
              </a>
            </div>
            <div
              class="my-link"
            >
              <a
                class="my-link-anchor"
                href="https://www.github.com/hphothong"
                rel="noreferrer"
                target="_blank"
              >
                <div
                  class="icon-prefix "
                >
                  <svg
                    aria-hidden="true"
                    class="svg-inline--fa fa-github fa-w-16 icon-prefix-icon"
                    color="#f8f8f8"
                    data-icon="github"
                    data-prefix="fab"
                    focusable="false"
                    role="img"
                    viewBox="0 0 496 512"
                    xmlns="http://www.w3.org/2000/svg"
                  >
                    <path
                      d="M165.9 397.4c0 2-2.3 3.6-5.2 3.6-3.3.3-5.6-1.3-5.6-3.6 0-2 2.3-3.6 5.2-3.6 3-.3 5.6 1.3 5.6 3.6zm-31.1-4.5c-.7 2 1.3 4.3 4.3 4.9 2.6 1 5.6 0 6.2-2s-1.3-4.3-4.3-5.2c-2.6-.7-5.5.3-6.2 2.3zm44.2-1.7c-2.9.7-4.9 2.6-4.6 4.9.3 2 2.9 3.3 5.9 2.6 2.9-.7 4.9-2.6 4.6-4.6-.3-1.9-3-3.2-5.9-2.9zM244.8 8C106.1 8 0 113.3 0 252c0 110.9 69.8 205.8 169.5 239.2 12.8 2.3 17.3-5.6 17.3-12.1 0-6.2-.3-40.4-.3-61.4 0 0-70 15-84.7-29.8 0 0-11.4-29.1-27.8-36.6 0 0-22.9-15.7 1.6-15.4 0 0 24.9 2 38.6 25.8 21.9 38.6 58.6 27.5 72.9 20.9 2.3-16 8.8-27.1 16-33.7-55.9-6.2-112.3-14.3-112.3-110.5 0-27.5 7.6-41.3 23.6-58.9-2.6-6.5-11.1-33.3 2.6-67.9 20.9-6.5 69 27 69 27 20-5.6 41.5-8.5 62.8-8.5s42.8 2.9 62.8 8.5c0 0 48.1-33.6 69-27 13.7 34.7 5.2 61.4 2.6 67.9 16 17.7 25.8 31.5 25.8 58.9 0 96.5-58.9 104.2-114.8 110.5 9.2 7.9 17 22.9 17 46.4 0 33.7-.3 75.4-.3 83.6 0 6.5 4.6 14.4 17.3 12.1C428.2 457.8 496 362.9 496 252 496 113.3 383.5 8 244.8 8zM97.2 352.9c-1.3 1-1 3.3.7 5.2 1.6 1.6 3.9 2.3 5.2 1 1.3-1 1-3.3-.7-5.2-1.6-1.6-3.9-2.3-5.2-1zm-10.8-8.1c-.7 1.3.3 2.9 2.3 3.9 1.6 1 3.6.7 4.3-.7.7-1.3-.3-2.9-2.3-3.9-2-.6-3.6-.3-4.3.7zm32.4 35.6c-1.6 1.3-1 4.3 1.3 6.2 2.3 2.3 5.2 2.6 6.5 1 1.3-1.3.7-4.3-1.3-6.2-2.2-2.3-5.2-2.6-6.5-1zm-11.4-14.7c-1.6 1-1.6 3.6 0 5.9 1.6 2.3 4.3 3.3 5.6 2.3 1.6-1.3 1.6-3.9 0-6.2-1.4-2.3-4-3.3-5.6-2z"
                      fill="currentColor"
                    />
                  </svg>
                  <div
                    class="icon-prefix-content"
                  >
                    GitHub
                  </div>
                </div>
              </a>
            </div>
            <div
              class="my-link"
            >
              <a
                class="my-link-anchor"
                href="https://www.linkedin.com/in/hayden-phothong-a23933129"
                rel="noreferrer"
                target="_blank"
              >
                <div
                  class="icon-prefix "
                >
                  <svg
                    aria-hidden="true"
                    class="svg-inline--fa fa-linkedin-in fa-w-14 icon-prefix-icon"
                    color="#f8f8f8"
                    data-icon="linkedin-in"
                    data-prefix="fab"
                    focusable="false"
                    role="img"
                    viewBox="0 0 448 512"
                    xmlns="http://www.w3.org/2000/svg"
                  >
                    <path
                      d="M100.28 448H7.4V148.9h92.88zM53.79 108.1C24.09 108.1 0 83.5 0 53.8a53.79 53.79 0 0 1 107.58 0c0 29.7-24.1 54.3-53.79 54.3zM447.9 448h-92.68V302.4c0-34.7-.7-79.2-48.29-79.2-48.29 0-55.69 37.7-55.69 76.7V448h-92.78V148.9h89.08v40.8h1.3c12.4-23.5 42.69-48.3 87.88-48.3 94 0 111.28 61.9 111.28 142.3V448z"
                      fill="currentColor"
                    />
                  </svg>
                  <div
                    class="icon-prefix-content"
                  >
                    LinkedIn
                  </div>
                </div>
              </a>
            </div>
            <div
              class="my-link"
            >
              <a
                class="my-link-anchor"
                href="mailto:hphothong@gmail.com"
                rel="noreferrer"
                target="_blank"
              >
                <div
                  class="icon-prefix "
                >
                  <svg
                    aria-hidden="true"
                    class="svg-inline--fa fa-envelope fa-w-16 icon-prefix-icon"
                    color="#f8f8f8"
                    data-icon="envelope"
                    data-prefix="far"
                    focusable="false"
                    role="img"
                    viewBox="0 0 512 512"
                    xmlns="http://www.w3.org/2000/svg"
                  >
                    <path
                      d="M464 64H48C21.49 64 0 85.49 0 112v288c0 26.51 21.49 48 48 48h416c26.51 0 48-21.49 48-48V112c0-26.51-21.49-48-48-48zm0 48v40.805c-22.422 18.259-58.168 46.651-134.587 106.49-16.841 13.247-50.201 45.072-73.413 44.701-23.208.375-56.579-31.459-73.413-44.701C106.18 199.465 70.425 171.067 48 152.805V112h416zM48 400V214.398c22.914 18.251 55.409 43.862 104.938 82.646 21.857 17.205 60.134 55.186 103.062 54.955 42.717.231 80.509-37.199 103.053-54.947 49.528-38.783 82.032-64.401 104.947-82.653V400H48z"
                      fill="currentColor"
                    />
                  </svg>
                  <div
                    class="icon-prefix-content"
                  >
                    hphothong@gmail.com
                  </div>
                </div>
              </a>
            </div>
          </div>
        </div>
        <em
          class="app-footer-copyright"
        >
          Hayden Phothong © 2021
        </em>
      </div>
    </div>
  </footer>
</DocumentFragment>
`;
